// Jest Snapshot v1, https://goo.gl/fbAQLP

exports[`SomeComponent component getHotkeyHandlers should return the handler 1`] = `
Object {
  "addItem": [Function],
  "close": [Function],
}
`;
