// Jest Snapshot v1, https://goo.gl/fbAQLP

exports[`jest-auto-snapshots > NavBarMenu Matches snapshot when passed only required props 1`] = `
<ForwardRef(styled.div)
  onClick={[MockFunction]}
>
  <ForwardRef(styled.div)>
    <ForwardRef(styled.div)>
      jest-auto-snapshots String Fixture
    </ForwardRef(styled.div)>
    <ForwardRef(styled.div)>
      jest-auto-snapshots String Fixture
    </ForwardRef(styled.div)>
  </ForwardRef(styled.div)>
  <ForwardRef(styled.div)
    avatar="https://s3.amazonaws.com/buffer-ui/Default+Avatar.png"
    onClick={[MockFunction]}
  />
  <ForwardRef(styled.div)>
    <ChevronDownIcon
      color="grayLight"
      size="large"
    />
  </ForwardRef(styled.div)>
</ForwardRef(styled.div)>
`;
