// Jest Snapshot v1, https://goo.gl/fbAQLP

exports[`Button renders correctly 1`] = `
<div
  aria-label={null}
  className="sc-bdVaJa fThgCj"
  disabled={false}
  onClick={[Function]}
>
  Primary Button
</div>
`;
