// Jest Snapshot v1, https://goo.gl/fbAQLP

exports[`jest-auto-snapshots > ButtonSplit Matches snapshot when passed only required props 1`] = `
<ForwardRef
  onClick={[MockFunction]}
  type="link"
>
  â–¾
</ForwardRef>
`;
