// Jest Snapshot v1, https://goo.gl/fbAQLP

exports[`jest-auto-snapshots > NavBar Matches snapshot when passed only required props 1`] = `
<styled.nav>
  <styled.div>
    <BufferLogo />
    <NavBarProduct
      activeProduct="publish"
    />
  </styled.div>
  <styled.div>
    <Select
      customButton={[Function]}
      hasCustomAction={false}
      hasIconOnly={false}
      hideSearch={false}
      horizontalOffset="-16px"
      isOpen={false}
      isSplit={false}
      items={
        Array [
          Object {
            "component": <NodeFixture />,
            "hasDivider": true,
            "id": "jest-auto-snapshots String Fixture",
            "onItemClick": [MockFunction],
            "title": "jest-auto-snapshots String Fixture",
          },
        ]
      }
      label=""
      searchPlaceholder="Search"
      shortcutsEnabled={true}
      size="medium"
      type="secondary"
      xPosition="left"
      yPosition="bottom"
    />
  </styled.div>
</styled.nav>
`;
