// Jest Snapshot v1, https://goo.gl/fbAQLP

exports[`jest-auto-snapshots > AppShell Matches snapshot when passed all props 1`] = `
<ForwardRef(styled.div)>
  <NavBar
    activeProduct="publish"
    helpMenuItems={null}
    onLogout={[MockFunction]}
    user={null}
  />
  <Banner
    actionButton={
      Object {
        "action": [MockFunction],
        "label": "jest-auto-snapshots String Fixture",
      }
    }
    customHTML={
      Object {
        "__html": "jest-auto-snapshots String Fixture",
      }
    }
    onCloseBanner={null}
    text="jest-auto-snapshots String Fixture"
    themeColor="blue"
  />
  <ForwardRef(styled.div)>
    <ForwardRef(styled.div)>
      <NodeFixture />
    </ForwardRef(styled.div)>
    <ForwardRef(styled.div)>
      <NodeFixture />
    </ForwardRef(styled.div)>
  </ForwardRef(styled.div)>
</ForwardRef(styled.div)>
`;

exports[`jest-auto-snapshots > AppShell Matches snapshot when passed only required props 1`] = `
<ForwardRef(styled.div)>
  <NavBar
    helpMenuItems={null}
  />
  <ForwardRef(styled.div)>
    <ForwardRef(styled.div)>
      <NodeFixture />
    </ForwardRef(styled.div)>
  </ForwardRef(styled.div)>
</ForwardRef(styled.div)>
`;
